\BOOKMARK [1][]{zahvala.1}{Zahvala}{}% 1
\BOOKMARK [1][]{kazalo-vsebine.1}{Kazalo}{}% 2
\BOOKMARK [1][]{povzetek.1}{Povzetek}{}% 3
\BOOKMARK [1][]{section*.3}{Seznam\040kratic}{}% 4
\BOOKMARK [1][]{section.1}{Uvod}{}% 5
\BOOKMARK [1][]{section.2}{\376\377\000P\000r\000e\000g\000l\000e\000d\000\040\000p\000o\000d\000r\000o\001\015\000j\000a}{}% 6
\BOOKMARK [2][]{subsection.2.1}{\376\377\000D\000i\000f\000e\000r\000e\000n\000c\000i\000a\000l\000n\000o\000\040\000p\000l\000o\001\141\001\015\000a\000t\000i\000\040\000s\000i\000s\000t\000e\000m\000i}{section.2}% 7
\BOOKMARK [2][]{subsection.2.2}{Optimizacija\040trajektorij\040brezpilotnikov}{section.2}% 8
\BOOKMARK [2][]{subsection.2.3}{Dvonivojska\040optimizacija}{section.2}% 9
\BOOKMARK [2][]{subsection.2.4}{Newtonova\040metoda}{section.2}% 10
\BOOKMARK [1][]{section.3}{Opis\040metode}{}% 11
\BOOKMARK [2][]{subsection.3.1}{\376\377\000P\000r\000o\000b\000l\000e\000m\000\040\000s\000\040\000p\000o\000d\000a\000n\000i\000m\000i\000\040\001\015\000a\000s\000i\000\040\000s\000e\000g\000m\000e\000n\000t\000o\000v}{section.3}% 12
\BOOKMARK [2][]{subsection.3.2}{Prevedba\040na\040QP}{section.3}% 13
\BOOKMARK [3][]{subsubsection.3.2.1}{\376\377\000I\000z\000r\000a\001\015\000u\000n\000\040\000m\000a\000t\000r\000i\000k\000e\000\040\000Q}{subsection.3.2}% 14
\BOOKMARK [3][]{subsubsection.3.2.2}{\376\377\000I\000z\000r\000a\001\015\000u\000n\000\040\000m\000a\000t\000r\000i\000k\000e\000\040\000A\000\040\000i\000n\000\040\000v\000e\000k\000t\000o\000r\000j\000a\000\040\000b}{subsection.3.2}% 15
\BOOKMARK [2][]{subsection.3.3}{\376\377\000P\000r\000o\000b\000l\000e\000m\000\040\000s\000\040\001\015\000a\000s\000o\000v\000n\000i\000m\000i\000\040\000s\000p\000r\000e\000m\000e\000n\000l\000j\000i\000v\000k\000a\000m\000i}{section.3}% 16
\BOOKMARK [2][]{subsection.3.4}{Odvajanje\040s\040KKT\040pogoji}{section.3}% 17
\BOOKMARK [3][]{subsubsection.3.4.1}{KKT\040pogoji\040QP}{subsection.3.4}% 18
\BOOKMARK [3][]{subsubsection.3.4.2}{Izrek\040o\040implicitni\040funkciji}{subsection.3.4}% 19
\BOOKMARK [3][]{subsubsection.3.4.3}{\376\377\000R\000a\001\015\000u\000n\000a\000n\000j\000e\000\040\000g\000r\000a\000d\000i\000e\000n\000t\000a}{subsection.3.4}% 20
\BOOKMARK [3][]{subsubsection.3.4.4}{\376\377\000R\000a\001\015\000u\000n\000a\000n\000j\000e\000\040\000H\000e\000s\000s\000o\000v\000e\000\040\000m\000a\000t\000r\000i\000k\000e}{subsection.3.4}% 21
\BOOKMARK [2][]{subsection.3.5}{Newtonova\040metoda\040in\040optimizacijski\040algoritem}{section.3}% 22
\BOOKMARK [3][]{subsubsection.3.5.1}{Gradientni\040korak}{subsection.3.5}% 23
\BOOKMARK [3][]{subsubsection.3.5.2}{Newtonov\040korak}{subsection.3.5}% 24
\BOOKMARK [3][]{subsubsection.3.5.3}{Optimizacijski\040algoritem}{subsection.3.5}% 25
\BOOKMARK [2][]{subsection.3.6}{Pohitritve}{section.3}% 26
\BOOKMARK [3][]{subsubsection.3.6.1}{Faktorizacija\040KKT\040matrike\040K}{subsection.3.6}% 27
\BOOKMARK [3][]{subsubsection.3.6.2}{\376\377\000R\000a\001\015\000u\000n\000a\000n\000j\000e\000\040\000d\000e\000s\000n\000e\000\040\000s\000t\000r\000a\000n\000i\000\040\000l\000i\000n\000e\000a\000r\000n\000i\000h\000\040\000s\000i\000s\000t\000e\000m\000o\000v\000\040\000e\000n\000a\001\015\000b}{subsection.3.6}% 28
\BOOKMARK [3][]{subsubsection.3.6.3}{Pasovna\040struktura\040Hessove\040matrike}{subsection.3.6}% 29
\BOOKMARK [1][]{section.4}{Eksperimenti}{}% 30
\BOOKMARK [2][]{subsection.4.1}{Implementacija\040in\040uporaba\040zunanjih\040knji\236nic}{section.4}% 31
\BOOKMARK [2][]{subsection.4.2}{Konvergenca}{section.4}% 32
\BOOKMARK [2][]{subsection.4.3}{Pasovna\040struktura\040Hessove\040matrike}{section.4}% 33
\BOOKMARK [2][]{subsection.4.4}{\376\377\000H\000i\000t\000r\000o\000s\000t\000\040\000m\000e\000t\000o\000d\000e\000\040\000v\000\040\000r\000e\000a\000l\000n\000e\000m\000\040\001\015\000a\000s\000u}{section.4}% 34
\BOOKMARK [1][]{section.5}{\376\377\000Z\000a\000k\000l\000j\000u\001\015\000e\000k}{}% 35
\BOOKMARK [1][]{appendix.A}{Primer}{}% 36
\BOOKMARK [2][]{subsection.A.1}{QP}{appendix.A}% 37
\BOOKMARK [2][]{subsection.A.2}{\376\377\000I\000z\000r\000a\001\015\000u\000n\000\040\000g\000r\000a\000d\000i\000e\000n\000t\000a}{appendix.A}% 38
\BOOKMARK [2][]{subsection.A.3}{Projekcija\040gradienta\040in\040gradientni\040korak}{appendix.A}% 39
\BOOKMARK [1][]{appendix.B}{Podrobnosti\040implementacije}{}% 40
\BOOKMARK [2][]{subsection.B.1}{Notacija}{appendix.B}% 41
\BOOKMARK [2][]{subsection.B.2}{Vektorizacija\040vhodnih\040podatkov}{appendix.B}% 42
\BOOKMARK [2][]{subsection.B.3}{\376\377\000I\000z\000r\000a\001\015\000u\000n\000\040\000g\000r\000a\000d\000i\000e\000n\000t\000a}{appendix.B}% 43
\BOOKMARK [1][]{section*.20}{Literatura}{}% 44
